// Jest Snapshot v1, https://goo.gl/fbAQLP

exports[`ShareBadge component should match screenshot 1`] = `
<div>
  <button
    class="sc-bdvvtL kOTLLx"
    role="button"
    type="button"
  >
    <div>
      <test-file-stub />
      <div>
        SHARE
      </div>
    </div>
  </button>
</div>
`;
