// Jest Snapshot v1, https://goo.gl/fbAQLP

exports[`DisplayHeading component should match screenshot 1`] = `
<div>
  <h1
    class="sc-bdvvtL fFpqFh"
  />
</div>
`;
